// Jest Snapshot v1, https://goo.gl/fbAQLP

exports[`snapshot 1`] = `
<span
  aria-label="horse"
  className="Knight-knight-2"
  role="img"
>
  🐴
</span>
`;
